word-domain BEHAVIORAL_RED
c-mapping-domain BEHAVIORAL_RED
word-byte-order BEHAVIORAL_RED
uniform-mask BEHAVIORAL_RED
packing-shift BEHAVIORAL_RED
first-index-shift BEHAVIORAL_RED
second-index-shift BEHAVIORAL_RED
checksum-comparison BEHAVIORAL_RED
bootstrap-domain BEHAVIORAL_RED
phrase-bound BEHAVIORAL_RED
bootstrap-bound BEHAVIORAL_RED
separator-language BEHAVIORAL_RED
complete-bootstrap BEHAVIORAL_RED
claim-commitment BEHAVIORAL_RED
allocator-key BEHAVIORAL_RED
exclusive-expiry BEHAVIORAL_RED
authenticated-mode-encoding BEHAVIORAL_RED
expected-mode BEHAVIORAL_RED
old-restore-full BEHAVIORAL_RED
full-export BEHAVIORAL_RED
legacy-export BEHAVIORAL_RED
manual-export BEHAVIORAL_RED
pre-peer-zero-scalar BEHAVIORAL_RED
retained-share-check BEHAVIORAL_RED
retained-finished-check BEHAVIORAL_RED
one-distinct-peer BEHAVIORAL_RED
persistence-before-output BEHAVIORAL_RED
blocked-reentrant-output BEHAVIORAL_RED
terminal-export BEHAVIORAL_RED
terminal-scalar-erasure BEHAVIORAL_RED
terminal-presence-erasure BEHAVIORAL_RED
terminal-key-erasure BEHAVIORAL_RED
contact-provenance BEHAVIORAL_RED
